// Jest Snapshot v1, https://goo.gl/fbAQLP

exports[`CombinedTimeItem get CombinedTimeItem component 1`] = `
<div
  className="time_uz62bc-o_O-fullScreenedTime_1xxtrer"
>
  <div
    className=""
  >
    <Time
      value={6}
    />
     / 
    <Time
      value={182}
    />
  </div>
</div>
`;
